###############################################################################
#
# IAR ELF Linker V9.20.4.327/W64 for ARM                  25/Dec/2022  13:03:37
# Copyright 2007-2022 IAR Systems AB.
#
#    Output file  =
#        C:\Users\nicho\OneDrive\Documents\DST1_Project\Debug\Exe\DST1Project.out
#    Map file     =
#        C:\Users\nicho\OneDrive\Documents\DST1_Project\Debug\List\DST1Project.map
#    Command line =
#        -f
#        C:\Users\nicho\OneDrive\Documents\DST1_Project\Debug\Exe\DST1Project.out.rsp
#        (C:\Users\nicho\OneDrive\Documents\DST1_Project\Debug\Obj\cstartup.o
#        C:\Users\nicho\OneDrive\Documents\DST1_Project\Debug\Obj\delay.o
#        C:\Users\nicho\OneDrive\Documents\DST1_Project\Debug\Obj\Display.o
#        C:\Users\nicho\OneDrive\Documents\DST1_Project\Debug\Obj\exceptions.o
#        C:\Users\nicho\OneDrive\Documents\DST1_Project\Debug\Obj\Keypad.o
#        C:\Users\nicho\OneDrive\Documents\DST1_Project\Debug\Obj\Linkedlist.o
#        C:\Users\nicho\OneDrive\Documents\DST1_Project\Debug\Obj\main.o
#        C:\Users\nicho\OneDrive\Documents\DST1_Project\Debug\Obj\my_lib.o
#        C:\Users\nicho\OneDrive\Documents\DST1_Project\Debug\Obj\Records.o
#        C:\Users\nicho\OneDrive\Documents\DST1_Project\Debug\Obj\startup_sam3x.o
#        C:\Users\nicho\OneDrive\Documents\DST1_Project\Debug\Obj\system_sam3x.o
#        C:\Users\nicho\OneDrive\Documents\DST1_Project\Debug\Obj\Temperature.o
#        C:\Users\nicho\OneDrive\Documents\DST1_Project\Debug\Obj\Timestamp.o
#        --no_out_extension -o
#        C:\Users\nicho\OneDrive\Documents\DST1_Project\Debug\Exe\DST1Project.out
#        --redirect _Printf=_PrintfFullNoMb --redirect _Scanf=_ScanfFullNoMb
#        --map
#        C:\Users\nicho\OneDrive\Documents\DST1_Project\Debug\List\DST1Project.map
#        --config "C:\Program Files\IAR Systems\Embedded Workbench
#        9.0\arm\config\linker\Microchip\sam3x8\sram.icf" --semihosting --entry
#        __iar_program_start --vfe --text_out locale)
#
###############################################################################

*******************************************************************************
*** RUNTIME MODEL ATTRIBUTES
***

CppFlavor       = *
__CPP_Runtime   = 1
__Heap_Handler  = Basic
__SystemLibrary = DLib
__dlib_version  = 6


*******************************************************************************
*** HEAP SELECTION
***

The basic heap was selected because some modules are built with
size limitations (and not runtime checking), and --advanced_heap
was not specified.


*******************************************************************************
*** PLACEMENT SUMMARY
***

"A0":  place at address 0x2007'0000 { ro section .intvec };
"P1":  place in [from 0x2007'0000 to 0x2008'7fff] { ro };
define block CSTACK with size = 4K, alignment = 8 { };
define block HEAP with size = 8K, alignment = 8 { };
"P2":  place in [from 0x2007'0000 to 0x2008'7fff] {
          rw, block CSTACK, block HEAP };
initialize by copy with packing = none, complex ranges { rw };

  Section            Kind         Address    Size  Object
  -------            ----         -------    ----  ------
"A0":                                        0xf4
  .intvec                     0x2007'0000    0xf4  <Block>
    .intvec          const    0x2007'0000    0xf4  startup_sam3x.o [1]
                            - 0x2007'00f4    0xf4

"P1-P2", part 1 of 3:                      0x39b4
  .text              ro code  0x2007'00f4   0xf12  xprintffull_nomb.o [2]
  .text              ro code  0x2007'1006    0x2a  copy_init3.o [4]
  .text              ro code  0x2007'1030    0x16  strchr.o [4]
  .text              ro code  0x2007'1046     0xa  xsprout.o [2]
  .text              ro code  0x2007'1050    0x40  xfail_s.o [2]
  .text              ro code  0x2007'1090    0x36  strlen.o [4]
  .text              ro code  0x2007'10c6     0x2  exceptions.o [1]
  .text              ro code  0x2007'10c8    0x58  memchr.o [4]
  .text              ro code  0x2007'1120    0xa6  ABImemcpy.o [4]
  .text              ro code  0x2007'11c8    0x70  frexp.o [3]
  .text              ro code  0x2007'1238    0x34  DblCmpLe.o [3]
  .text              ro code  0x2007'126c    0x34  DblCmpGe.o [3]
  .text              ro code  0x2007'12a0   0x13a  ldexp.o [3]
  .text              ro code  0x2007'13dc    0x36  DblToS32.o [3]
  .text              ro code  0x2007'1414    0x22  S32ToDbl.o [3]
  .text              ro code  0x2007'1438   0x25e  DblAddSub.o [3]
  .text              ro code  0x2007'1698   0x246  DblDiv.o [3]
  .text              ro code  0x2007'18e0    0x22  DblToU32.o [3]
  .text              ro code  0x2007'1904    0x1c  U32ToDbl.o [3]
  .text              ro code  0x2007'1920   0x1aa  DblMul.o [3]
  .text              ro code  0x2007'1acc   0x230  I64DivMod.o [4]
  .text              ro code  0x2007'1cfc     0x6  abort.o [2]
  .text              ro code  0x2007'1d04     0x2  I64DivZer.o [4]
  .text              ro code  0x2007'1d08    0x14  exit.o [5]
  .text              ro code  0x2007'1d1c    0x7c  iarttio.o [5]
  .text              ro code  0x2007'1d98     0x8  XShttio.o [2]
  .text              ro code  0x2007'1da0   0x6b0  Display.o [1]
  .text              ro code  0x2007'2450     0xe  delay.o [1]
  .text              ro code  0x2007'2460    0x48  FltToDbl.o [3]
  .text              ro code  0x2007'24a8    0x40  sprintf.o [2]
  .text              ro code  0x2007'24e8   0x2c4  Timestamp.o [1]
  .text              ro code  0x2007'27ac   0x198  Temperature.o [1]
  .text              ro code  0x2007'2944   0x1fc  Records.o [1]
  .text              ro code  0x2007'2b40    0x68  DblToFlt.o [3]
  .text              ro code  0x2007'2ba8   0x13c  heap0.o [2]
  .text              ro code  0x2007'2ce4    0x8c  Linkedlist.o [1]
  .text              ro code  0x2007'2d70   0x118  FltDiv.o [3]
  .text              ro code  0x2007'2e88    0x28  FltCmpLe.o [3]
  .text              ro code  0x2007'2eb0   0x162  FltAddSub.o [3]
  .text              ro code  0x2007'3014    0x2c  xgetmemchunk.o [2]
  .text              ro code  0x2007'3040    0x28  printf.o [2]
  .text              ro code  0x2007'3068     0x4  heaptramp0.o [2]
  .text              ro code  0x2007'306c   0x384  main.o [1]
  .text              ro code  0x2007'33f0   0x140  Keypad.o [1]
  .text              ro code  0x2007'3530    0xa0  system_sam3x.o [1]
  .rodata            const    0x2007'35d0    0x38  main.o [1]
  .text              ro code  0x2007'3608    0x38  zero_init3.o [4]
  .text              ro code  0x2007'3640    0x30  startup_sam3x.o [1]
  .text              ro code  0x2007'3670     0xc  cstartup.o [1]
  .text              ro code  0x2007'367c    0x1e  cmain.o [4]
  .text              ro code  0x2007'369c    0x28  data_init.o [4]
  .text              ro code  0x2007'36c4     0x4  exit.o [2]
  .text              ro code  0x2007'36c8     0xa  cexit.o [4]
  .text              ro code  0x2007'36d2    0x22  iarwrite.o [5]
  .iar.init_table    const    0x2007'36f4    0x24  - Linker created -
  .rodata            const    0x2007'3718    0x20  Display.o [1]
  .rodata            const    0x2007'3738    0x20  main.o [1]
  .text              ro code  0x2007'3758    0x20  putchar.o [2]
  .text              ro code  0x2007'3778    0x10  write.o [5]
  .text              ro code  0x2007'3788    0x1e  dwrite.o [5]
  .text              ro code  0x2007'37a6    0x20  iarwstd.o [5]
  .rodata            const    0x2007'37c8    0x18  Display.o [1]
  .rodata            const    0x2007'37e0    0x18  Display.o [1]
  .rodata            const    0x2007'37f8    0x18  Display.o [1]
  .rodata            const    0x2007'3810    0x18  Display.o [1]
  .rodata            const    0x2007'3828    0x18  Display.o [1]
  .rodata            const    0x2007'3840    0x18  Display.o [1]
  .rodata            const    0x2007'3858    0x18  Display.o [1]
  .rodata            const    0x2007'3870    0x18  Display.o [1]
  .rodata            const    0x2007'3888    0x18  Display.o [1]
  .rodata            const    0x2007'38a0    0x18  Linkedlist.o [1]
  .rodata            const    0x2007'38b8    0x18  main.o [1]
  .rodata            const    0x2007'38d0    0x18  main.o [1]
  .text              ro code  0x2007'38e8    0x16  xprout.o [2]
  .rodata            const    0x2007'3900    0x14  Display.o [1]
  .rodata            const    0x2007'3914    0x14  Display.o [1]
  .rodata            const    0x2007'3928    0x14  Display.o [1]
  .rodata            const    0x2007'393c    0x14  main.o [1]
  .rodata            const    0x2007'3950    0x14  main.o [1]
  .rodata            const    0x2007'3964    0x14  main.o [1]
  .rodata            const    0x2007'3978    0x10  Display.o [1]
  .rodata            const    0x2007'3988     0xc  Display.o [1]
  .rodata            const    0x2007'3994     0xc  Display.o [1]
  .rodata            const    0x2007'39a0     0xc  Display.o [1]
  .rodata            const    0x2007'39ac     0xc  Display.o [1]
  .rodata            const    0x2007'39b8     0xc  Display.o [1]
  .rodata            const    0x2007'39c4     0xc  main.o [1]
  .rodata            const    0x2007'39d0     0x8  Display.o [1]
  .rodata            const    0x2007'39d8     0x8  Display.o [1]
  .rodata            const    0x2007'39e0     0x8  Display.o [1]
  .rodata            const    0x2007'39e8     0x8  main.o [1]
  .rodata            const    0x2007'39f0     0x8  main.o [1]
  .rodata            const    0x2007'39f8     0x0  zero_init3.o [4]
  .rodata            const    0x2007'39f8     0x0  copy_init3.o [4]
  P1-P2 s0                    0x2007'39f8    0x58  <Init block>
    .data            inited   0x2007'39f8    0x30  Timestamp.o [1]
    .data            inited   0x2007'3a28    0x10  Keypad.o [1]
    .data            inited   0x2007'3a38     0xc  Keypad.o [1]
    .data            inited   0x2007'3a44     0x8  XShttio.o [2]
    .data            inited   0x2007'3a4c     0x4  system_sam3x.o [1]
  Initializer bytes  const    0x2007'3a50    0x58  <for P1-P2 s0>
                            - 0x2007'3aa8  0x39b4

"P1-P2", part 2 of 3:                       0x6a8
  .bss               zero     0x2007'3aa8   0x3e8  Display.o [1]
  .bss               zero     0x2007'3e90   0x214  Records.o [1]
  .bss               zero     0x2007'40a4    0x4c  Records.o [1]
  .bss               zero     0x2007'40f0     0x8  heap0.o [2]
  .bss               zero     0x2007'40f8     0x4  main.o [1]
  .bss               zero     0x2007'40fc     0x4  main.o [1]
  .bss               zero     0x2007'4100     0x4  main.o [1]
  .bss               zero     0x2007'4104     0x4  main.o [1]
  .bss               zero     0x2007'4108     0x4  main.o [1]
  .bss               zero     0x2007'410c     0x4  main.o [1]
  .bss               zero     0x2007'4110     0x4  main.o [1]
  .bss               zero     0x2007'4114     0x4  main.o [1]
  .bss               zero     0x2007'4118     0x4  main.o [1]
  .bss               zero     0x2007'411c     0x4  main.o [1]
  .bss               zero     0x2007'4120     0x4  main.o [1]
  .bss               zero     0x2007'4124     0x4  main.o [1]
  .bss               zero     0x2007'4128     0x4  main.o [1]
  .bss               zero     0x2007'412c     0x4  main.o [1]
  .bss               zero     0x2007'4130     0x4  Records.o [1]
  .bss               zero     0x2007'4134     0x4  Records.o [1]
  .bss               zero     0x2007'4138     0x4  Records.o [1]
  .bss               zero     0x2007'413c     0x4  Temperature.o [1]
  .bss               zero     0x2007'4140     0x4  Timestamp.o [1]
  .bss               zero     0x2007'4144     0x4  Timestamp.o [1]
  .bss               zero     0x2007'4148     0x4  xfail_s.o [2]
  .bss               zero     0x2007'414c     0x4  xgetmemchunk.o [2]
                            - 0x2007'4150   0x6a8

"P1-P2", part 3 of 3:                      0x3000
  CSTACK                      0x2007'4150  0x1000  <Block>
    CSTACK           uninit   0x2007'4150  0x1000  <Block tail>
  HEAP                        0x2007'5150  0x2000  <Block>
    HEAP             uninit   0x2007'5150  0x2000  <Block tail>
                            - 0x2007'7150  0x3000

Unused ranges:

         From           To      Size
         ----           --      ----
  0x2007'7150  0x2008'7fff  0x1'0eb0


*******************************************************************************
*** INIT TABLE
***

          Address      Size
          -------      ----
Zero (__iar_zero_init3)
    1 destination range, total size 0x6a8:
          0x2007'3aa8  0x6a8

Copy (__iar_copy_init3)
    1 source range, total size 0x58:
          0x2007'3a50   0x58
    1 destination range, total size 0x58:
          0x2007'39f8   0x58



*******************************************************************************
*** MODULE SUMMARY
***

    Module              ro code  ro data  rw data
    ------              -------  -------  -------
command line/config:
    ---------------------------------------------
    Total:

C:\Users\nicho\OneDrive\Documents\DST1_Project\Debug\Obj: [1]
    Display.o             1'712      408    1'000
    Keypad.o                320       28       28
    Linkedlist.o            140       24
    Records.o               508               620
    Temperature.o           408                 4
    Timestamp.o             708       48       56
    cstartup.o               12
    delay.o                  14
    exceptions.o              2
    main.o                  900      224       56
    startup_sam3x.o          48      244
    system_sam3x.o          160        4        4
    ---------------------------------------------
    Total:                4'932      980    1'768

dl7M_tln.a: [2]
    XShttio.o                 8        8        8
    abort.o                   6
    exit.o                    4
    heap0.o                 316                 8
    heaptramp0.o              4
    printf.o                 40
    putchar.o                32
    sprintf.o                64
    xfail_s.o                64                 4
    xgetmemchunk.o           44                 4
    xprintffull_nomb.o    3'858
    xprout.o                 22
    xsprout.o                10
    ---------------------------------------------
    Total:                4'472        8       24

m7M_tl.a: [3]
    DblAddSub.o             606
    DblCmpGe.o               52
    DblCmpLe.o               52
    DblDiv.o                582
    DblMul.o                426
    DblToFlt.o              104
    DblToS32.o               54
    DblToU32.o               34
    FltAddSub.o             354
    FltCmpLe.o               40
    FltDiv.o                280
    FltToDbl.o               72
    S32ToDbl.o               34
    U32ToDbl.o               28
    frexp.o                 112
    ldexp.o                 314
    ---------------------------------------------
    Total:                3'144

rt7M_tl.a: [4]
    ABImemcpy.o             166
    I64DivMod.o             560
    I64DivZer.o               2
    cexit.o                  10
    cmain.o                  30
    copy_init3.o             42
    data_init.o              40
    memchr.o                 88
    strchr.o                 22
    strlen.o                 54
    zero_init3.o             56
    ---------------------------------------------
    Total:                1'070

shb_l.a: [5]
    dwrite.o                 30
    exit.o                   20
    iarttio.o               124
    iarwrite.o               34
    iarwstd.o                32
    write.o                  16
    ---------------------------------------------
    Total:                  256

    Gaps                     26        4
    Linker created                    36   12'288
-------------------------------------------------
    Grand Total:         13'900    1'028   14'080


*******************************************************************************
*** ENTRY LIST
***

Entry                       Address   Size  Type      Object
-----                       -------   ----  ----      ------
.iar.init_table$$Base   0x2007'36f4          --   Gb  - Linker created -
.iar.init_table$$Limit  0x2007'3718          --   Gb  - Linker created -
.intvec$$Base           0x2007'0000          --   Gb  - Linker created -
.intvec$$Limit          0x2007'00f4          --   Gb  - Linker created -
?main                   0x2007'367d         Code  Gb  cmain.o [4]
ADC_Handler             0x2007'10c7    0x2  Code  Wk  exceptions.o [1]
Aldata                  0x2007'40f0    0x8  Data  Lc  heap0.o [2]
BusFault_Handler        0x2007'10c7    0x2  Code  Wk  exceptions.o [1]
CAN0_Handler            0x2007'10c7    0x2  Code  Wk  exceptions.o [1]
CAN1_Handler            0x2007'10c7    0x2  Code  Wk  exceptions.o [1]
CSTACK$$Base            0x2007'4150          --   Gb  - Linker created -
CSTACK$$Limit           0x2007'5150          --   Gb  - Linker created -
DACC_Handler            0x2007'10c7    0x2  Code  Wk  exceptions.o [1]
DMAC_Handler            0x2007'10c7    0x2  Code  Wk  exceptions.o [1]
DebugMon_Handler        0x2007'10c7    0x2  Code  Wk  exceptions.o [1]
Delay                   0x2007'2451    0xe  Code  Gb  delay.o [1]
Dummy_Handler           0x2007'10c7    0x2  Code  Gb  exceptions.o [1]
EFC0_Handler            0x2007'10c7    0x2  Code  Wk  exceptions.o [1]
EFC1_Handler            0x2007'10c7    0x2  Code  Wk  exceptions.o [1]
HEAP$$Base              0x2007'5150          --   Gb  - Linker created -
HEAP$$Limit             0x2007'7150          --   Gb  - Linker created -
HSMCI_Handler           0x2007'10c7    0x2  Code  Wk  exceptions.o [1]
HardFault_Handler       0x2007'10c7    0x2  Code  Wk  exceptions.o [1]
Init_Display            0x2007'1da1   0x6e  Code  Gb  Display.o [1]
Init_TimerTemp          0x2007'2807   0x60  Code  Gb  Temperature.o [1]
MemManage_Handler       0x2007'10c7    0x2  Code  Wk  exceptions.o [1]
NMI_Handler             0x2007'10c7    0x2  Code  Wk  exceptions.o [1]
NVIC_ClearPendingIRQ    0x2007'3405   0x14  Code  Lc  Keypad.o [1]
NVIC_ClearPendingIRQ    0x2007'27c1   0x14  Code  Lc  Temperature.o [1]
NVIC_EnableIRQ          0x2007'33f1   0x14  Code  Lc  Keypad.o [1]
NVIC_EnableIRQ          0x2007'27ad   0x14  Code  Lc  Temperature.o [1]
NVIC_SetPriority        0x2007'3419   0x24  Code  Lc  Keypad.o [1]
NVIC_SetPriority        0x2007'306d   0x26  Code  Lc  main.o [1]
NVIC_SetPriority        0x2007'27d5   0x24  Code  Lc  Temperature.o [1]
PIOA_Handler            0x2007'10c7    0x2  Code  Wk  exceptions.o [1]
PIOB_Handler            0x2007'10c7    0x2  Code  Wk  exceptions.o [1]
PIOC_Handler            0x2007'10c7    0x2  Code  Wk  exceptions.o [1]
PIOD_Handler            0x2007'10c7    0x2  Code  Wk  exceptions.o [1]
PMC_Handler             0x2007'10c7    0x2  Code  Wk  exceptions.o [1]
PWM_Handler             0x2007'10c7    0x2  Code  Wk  exceptions.o [1]
PendSV_Handler          0x2007'10c7    0x2  Code  Wk  exceptions.o [1]
RSTC_Handler            0x2007'10c7    0x2  Code  Wk  exceptions.o [1]
RTC_Handler             0x2007'10c7    0x2  Code  Wk  exceptions.o [1]
RTT_Handler             0x2007'10c7    0x2  Code  Wk  exceptions.o [1]
Read_Status_Display     0x2007'1e53   0x58  Code  Gb  Display.o [1]
Region$$Table$$Base     0x2007'36f4          --   Gb  - Linker created -
Region$$Table$$Limit    0x2007'3718          --   Gb  - Linker created -
Reset_Handler           0x2007'3669    0x8  Code  Gb  startup_sam3x.o [1]
SPI0_Handler            0x2007'10c7    0x2  Code  Wk  exceptions.o [1]
SSC_Handler             0x2007'10c7    0x2  Code  Wk  exceptions.o [1]
SUPC_Handler            0x2007'10c7    0x2  Code  Wk  exceptions.o [1]
SVC_Handler             0x2007'10c7    0x2  Code  Wk  exceptions.o [1]
SysTick_Config          0x2007'3093   0x30  Code  Lc  main.o [1]
SysTick_Handler         0x2007'30c3   0x90  Code  Gb  main.o [1]
SystemCoreClock         0x2007'3a4c    0x4  Data  Gb  system_sam3x.o [1]
SystemInit              0x2007'3531   0x6e  Code  Gb  system_sam3x.o [1]
Systick_fastmode        0x2007'3153   0x3a  Code  Gb  main.o [1]
TC0_Handler             0x2007'27f9    0xe  Code  Gb  Temperature.o [1]
TC1_Handler             0x2007'10c7    0x2  Code  Wk  exceptions.o [1]
TC2_Handler             0x2007'10c7    0x2  Code  Wk  exceptions.o [1]
TC3_Handler             0x2007'10c7    0x2  Code  Wk  exceptions.o [1]
TC4_Handler             0x2007'10c7    0x2  Code  Wk  exceptions.o [1]
TC5_Handler             0x2007'10c7    0x2  Code  Wk  exceptions.o [1]
TRNG_Handler            0x2007'10c7    0x2  Code  Wk  exceptions.o [1]
TWI0_Handler            0x2007'10c7    0x2  Code  Wk  exceptions.o [1]
TWI1_Handler            0x2007'10c7    0x2  Code  Wk  exceptions.o [1]
UART_Handler            0x2007'10c7    0x2  Code  Wk  exceptions.o [1]
UOTGHS_Handler          0x2007'10c7    0x2  Code  Wk  exceptions.o [1]
USART0_Handler          0x2007'10c7    0x2  Code  Wk  exceptions.o [1]
USART1_Handler          0x2007'10c7    0x2  Code  Wk  exceptions.o [1]
USART2_Handler          0x2007'10c7    0x2  Code  Wk  exceptions.o [1]
UsageFault_Handler      0x2007'10c7    0x2  Code  Wk  exceptions.o [1]
WDT_Handler             0x2007'10c7    0x2  Code  Wk  exceptions.o [1]
Write_Command_2_Display
                        0x2007'1eab   0x64  Code  Gb  Display.o [1]
Write_Data_2_Display    0x2007'1f0f   0x64  Code  Gb  Display.o [1]
_LitobFullNoMb          0x2007'0e0d  0x10c  Code  Lc  xprintffull_nomb.o [2]
_PrintfFullNoMb         0x2007'00f5  0xce8  Code  Gb  xprintffull_nomb.o [2]
_Prout                  0x2007'38e9   0x16  Code  Gb  xprout.o [2]
_PutcharFullNoMb        0x2007'0f71   0x20  Code  Lc  xprintffull_nomb.o [2]
_PutcharsFullNoMb       0x2007'0f91   0x2e  Code  Lc  xprintffull_nomb.o [2]
_SProut                 0x2007'1047    0xa  Code  Gb  xsprout.o [2]
__aeabi_cdcmple         0x2007'1239         Code  Gb  DblCmpLe.o [3]
__aeabi_cdrcmple        0x2007'126d         Code  Gb  DblCmpGe.o [3]
__aeabi_cfcmple         0x2007'2e89         Code  Gb  FltCmpLe.o [3]
__aeabi_d2f             0x2007'2b41         Code  Gb  DblToFlt.o [3]
__aeabi_d2iz            0x2007'13dd         Code  Gb  DblToS32.o [3]
__aeabi_d2uiz           0x2007'18e1         Code  Gb  DblToU32.o [3]
__aeabi_dadd            0x2007'1439         Code  Gb  DblAddSub.o [3]
__aeabi_ddiv            0x2007'1699         Code  Gb  DblDiv.o [3]
__aeabi_dmul            0x2007'1921         Code  Gb  DblMul.o [3]
__aeabi_dsub            0x2007'15b5         Code  Gb  DblAddSub.o [3]
__aeabi_f2d             0x2007'2461         Code  Gb  FltToDbl.o [3]
__aeabi_fadd            0x2007'2eb1         Code  Gb  FltAddSub.o [3]
__aeabi_fdiv            0x2007'2d71         Code  Gb  FltDiv.o [3]
__aeabi_i2d             0x2007'1415         Code  Gb  S32ToDbl.o [3]
__aeabi_ldiv0           0x2007'1d05         Code  Gb  I64DivZer.o [4]
__aeabi_memcpy          0x2007'1121         Code  Gb  ABImemcpy.o [4]
__aeabi_memcpy4         0x2007'1141         Code  Gb  ABImemcpy.o [4]
__aeabi_memcpy8         0x2007'1141         Code  Gb  ABImemcpy.o [4]
__aeabi_ui2d            0x2007'1905         Code  Gb  U32ToDbl.o [3]
__aeabi_uldivmod        0x2007'1acd         Code  Gb  I64DivMod.o [4]
__basic_free            0x2007'2c55   0x16  Code  Gb  heap0.o [2]
__basic_free_intern     0x2007'2c6b   0x74  Code  Lc  heap0.o [2]
__basic_malloc          0x2007'2ba9   0x18  Code  Gb  heap0.o [2]
__basic_malloc_intern   0x2007'2bc1   0x94  Code  Lc  heap0.o [2]
__cmain                 0x2007'367d         Code  Gb  cmain.o [4]
__data_GetMemChunk      0x2007'3015   0x2c  Code  Gb  xgetmemchunk.o [2]
__data_GetMemChunk::start
                        0x2007'414c    0x4  Data  Lc  xgetmemchunk.o [2]
__dwrite                0x2007'3789   0x1e  Code  Gb  dwrite.o [5]
__exit                  0x2007'1d09   0x14  Code  Gb  exit.o [5]
__iar_Fail_s            0x2007'1051   0x1c  Code  Gb  xfail_s.o [2]
__iar_Memchr            0x2007'10c9         Code  Gb  memchr.o [4]
__iar_Strchr            0x2007'1031         Code  Gb  strchr.o [4]
__iar_close_ttio        0x2007'1d1d   0x2c  Code  Gb  iarttio.o [5]
__iar_copy_init3        0x2007'1007   0x2a  Code  Gb  copy_init3.o [4]
__iar_data_init3        0x2007'369d   0x28  Code  Gb  data_init.o [4]
__iar_frexp             0x2007'11d5         Code  Gb  frexp.o [3]
__iar_frexp64           0x2007'11c9         Code  Gb  frexp.o [3]
__iar_frexpl            0x2007'11d5         Code  Gb  frexp.o [3]
__iar_get_ttio          0x2007'1d49   0x4c  Code  Gb  iarttio.o [5]
__iar_ldexp64           0x2007'12a1         Code  Gb  ldexp.o [3]
__iar_lookup_ttioh      0x2007'1d99    0x8  Code  Gb  XShttio.o [2]
__iar_program_start     0x2007'3671         Code  Gb  cstartup.o [1]
__iar_scalbln64         0x2007'12a1         Code  Gb  ldexp.o [3]
__iar_scalbn64          0x2007'12a1         Code  Gb  ldexp.o [3]
__iar_sh_stdout         0x2007'37a7   0x20  Code  Gb  iarwstd.o [5]
__iar_sh_write          0x2007'36d3   0x22  Code  Gb  iarwrite.o [5]
__iar_ttio_handles      0x2007'3a44    0x8  Data  Lc  XShttio.o [2]
__iar_zero_init3        0x2007'3609   0x38  Code  Gb  zero_init3.o [4]
__low_level_init        0x2007'3641   0x20  Code  Gb  startup_sam3x.o [1]
__vector_table          0x2007'0000   0xf4  Data  Gb  startup_sam3x.o [1]
__write                 0x2007'3779   0x10  Code  Gb  write.o [5]
_call_main              0x2007'3689         Code  Gb  cmain.o [4]
_exit                   0x2007'36c9         Code  Gb  cexit.o [4]
abort                   0x2007'1cfd    0x6  Code  Gb  abort.o [2]
array_to_date           0x2007'24e9   0xa2  Code  Gb  Timestamp.o [1]
avg                     0x2007'2af7   0x24  Code  Gb  Records.o [1]
avg_amount              0x2007'4134    0x4  Data  Gb  Records.o [1]
avg_sum                 0x2007'4130    0x4  Data  Gb  Records.o [1]
char_arrayf             0x2007'3aa8  0x3e8  Data  Gb  Display.o [1]
checktime               0x2007'4104    0x4  Data  Gb  main.o [1]
clear_display           0x2007'20cd   0x24  Code  Gb  Display.o [1]
col                     0x2007'3a38    0xc  Data  Gb  Keypad.o [1]
dailystats              0x2007'40a4   0x4c  Data  Gb  Records.o [1]
date_display            0x2007'201f   0x7e  Code  Gb  Display.o [1]
day_stats               0x2007'299f  0x10c  Code  Gb  Records.o [1]
days_month              0x2007'39f8   0x30  Data  Gb  Timestamp.o [1]
dely                    0x2007'40fc    0x4  Data  Gb  main.o [1]
display_config          0x2007'238b   0x20  Code  Gb  Display.o [1]
display_records         0x2007'221d  0x16e  Code  Gb  Display.o [1]
exit                    0x2007'36c5    0x4  Code  Gb  exit.o [2]
fastmode_check          0x2007'4100    0x4  Data  Gb  main.o [1]
first                   0x2007'40f8    0x4  Data  Gb  main.o [1]
float_to_char           0x2007'2205   0x18  Code  Gb  Display.o [1]
free                    0x2007'3069    0x4  Code  Gb  heaptramp0.o [2]
freeMem                 0x2007'2d0d   0x28  Code  Gb  Linkedlist.o [1]
frexp                   0x2007'11c9         Code  Gb  frexp.o [3]
frexpl                  0x2007'11c9         Code  Gb  frexp.o [3]
func                    0x2007'343d   0x72  Code  Gb  Keypad.o [1]
get_Temperature         0x2007'28a7   0x46  Code  Gb  Temperature.o [1]
get_tempflag            0x2007'4108    0x4  Data  Gb  main.o [1]
get_tempflag2           0x2007'410c    0x4  Data  Gb  main.o [1]
get_time                0x2007'2757   0x30  Code  Gb  Timestamp.o [1]
i                       0x2007'4138    0x4  Data  Gb  Records.o [1]
incr                    0x2007'412c    0x4  Data  Gb  main.o [1]
init_valuesforweekly    0x2007'2993    0xc  Code  Gb  Records.o [1]
insertFirst             0x2007'2ce5   0x28  Code  Gb  Linkedlist.o [1]
keypad_config           0x2007'34af   0x3e  Code  Gb  Keypad.o [1]
keypad_to_display       0x2007'1e0f   0x44  Code  Gb  Display.o [1]
ldexp                   0x2007'12a1         Code  Gb  ldexp.o [3]
ldexpl                  0x2007'12a1         Code  Gb  ldexp.o [3]
llsize                  0x2007'4124    0x4  Data  Gb  main.o [1]
m                       0x2007'4144    0x4  Data  Gb  Timestamp.o [1]
main                    0x2007'318d  0x208  Code  Gb  main.o [1]
max                     0x2007'2ad1   0x26  Code  Gb  Records.o [1]
memchr                  0x2007'10c9         Code  Gb  memchr.o [4]
min                     0x2007'2aab   0x26  Code  Gb  Records.o [1]
printDD                 0x2007'1f73   0xac  Code  Gb  Display.o [1]
print_a_string          0x2007'2103   0x18  Code  Gb  Display.o [1]
print_character         0x2007'20f1   0x12  Code  Gb  Display.o [1]
printf                  0x2007'3041   0x28  Code  Gb  printf.o [2]
putchar                 0x2007'3759   0x20  Code  Gb  putchar.o [2]
r_day                   0x2007'4118    0x4  Data  Gb  main.o [1]
r_hour                  0x2007'4114    0x4  Data  Gb  main.o [1]
r_min                   0x2007'4110    0x4  Data  Gb  main.o [1]
r_month                 0x2007'411c    0x4  Data  Gb  main.o [1]
r_year                  0x2007'4120    0x4  Data  Gb  main.o [1]
removeLast              0x2007'2d35   0x32  Code  Gb  Linkedlist.o [1]
reset_display_pointer   0x2007'209d   0x16  Code  Gb  Display.o [1]
row                     0x2007'3a28   0x10  Data  Gb  Keypad.o [1]
scalbln                 0x2007'12a1         Code  Gb  ldexp.o [3]
scalblnl                0x2007'12a1         Code  Gb  ldexp.o [3]
scalbn                  0x2007'12a1         Code  Gb  ldexp.o [3]
scalbnl                 0x2007'12a1         Code  Gb  ldexp.o [3]
scale                   0x2007'0f19   0x46  Code  Lc  xprintffull_nomb.o [2]
sec_hand                0x2007'4148    0x4  Data  Lc  xfail_s.o [2]
set_display_pointer     0x2007'20b3   0x1a  Code  Gb  Display.o [1]
set_time                0x2007'258b   0x1e  Code  Gb  Timestamp.o [1]
sprintf                 0x2007'24a9   0x40  Code  Gb  sprintf.o [2]
startMeas1              0x2007'2867    0xe  Code  Gb  Temperature.o [1]
startMeas2              0x2007'2875   0x32  Code  Gb  Temperature.o [1]
strchr                  0x2007'1031         Code  Gb  strchr.o [4]
strlen                  0x2007'1091         Code  Gb  strlen.o [4]
temp_flag               0x2007'413c    0x4  Data  Gb  Temperature.o [1]
temperature             0x2007'4128    0x4  Data  Gb  main.o [1]
temperature_recording   0x2007'2945   0x4e  Code  Gb  Records.o [1]
timeStamp               0x2007'4140    0x4  Data  Gb  Timestamp.o [1]
update_Rec_time         0x2007'272b   0x2c  Code  Gb  Timestamp.o [1]
update_time             0x2007'25a9  0x12c  Code  Gb  Timestamp.o [1]
valid_time              0x2007'26d5   0x56  Code  Gb  Timestamp.o [1]
weeklystats             0x2007'3e90  0x214  Data  Gb  Records.o [1]
write_display_pos       0x2007'211b   0x24  Code  Gb  Display.o [1]
write_menu              0x2007'213f   0x86  Code  Gb  Display.o [1]
write_setup_date_layout
                        0x2007'21c5   0x40  Code  Gb  Display.o [1]


[1] = C:\Users\nicho\OneDrive\Documents\DST1_Project\Debug\Obj
[2] = dl7M_tln.a
[3] = m7M_tl.a
[4] = rt7M_tl.a
[5] = shb_l.a

  13'900 bytes of readonly  code memory
   1'028 bytes of readonly  data memory
  14'080 bytes of readwrite data memory

Errors: none
Warnings: none
